<div><h1>Heading 1</h1></div>
<div><h2>Heading 2</h2></div>
<div><h3>Heading 3</h3></div>
<div><h4>Heading 4</h4></div>
<div><h5>Heading 5</h5></div>
<div><h6>Heading 6</h6></div>
