<div><h1>cats</h1></div>
<ul class="alternate">
  <li>
    <strong>coding cat</strong>
    <div>
      <img
        alt="giphy.gif"
        src="https://media.giphy.com/media/JIX9t2j0ZTN9S/giphy.gif"
        title="coding_cat"
      />
    </div>
  </li>
</ul>
<ul class="alternate">
  <li>
    <strong>compiling cat</strong>
    <div>
      <img
        alt="giphy.gif"
        src="https://media.giphy.com/media/mlvseq9yvZhba/giphy.gif"
      />
    </div>
  </li>
</ul>
<ul class="alternate">
  <li>
    <strong>testing cat</strong>
    <div>
      <img
        alt="testing_cat.gif"
        src="_TEST_EXTENSION_PATH_PLACEHOLDER_/src/test/suite/fixtures/testfiles/media/testing_cat.gif"
        width="500"
        height="500"
      />
    </div>
  </li>
</ul>
