<div>
  <a href="simple_link">simple_link</a> or
  <a href="simple_link_other">simple_link_other</a>
</div>
<div><a href="simple_link">simple_link</a> or [escaped_link]</div>
<div>[escaped_link] or <a href="simple_link">simple_link</a></div>
<div>[escaped_link] or [escaped_link_other]</div>
<div>
  <a href="www.example.com">www.example.com</a> or
  <a href="www.web.com">www.web.com</a>
</div>
<div>
  <a href="https://link">label</a> or
  <a href="https://www.example.com">label_other</a>
</div>
<div>
  <a href="https://link">textlink</a> or [escaped_link&vert;https://link]
</div>
<div>
  [ escaped_link_with_space&vert;https://link1.com ] or [
  escaped_link_with_space_other&vert;https://link ]
</div>
<div><a href="simple_link">simple_link</a></div>
<div>[text in square brackets]</div>
<div><a href="https://www.example.com">example.com</a></div>
<div>[example.com&vert;https://www.example.com]</div>
