<div><h1>Lists</h1></div>
<div><h2>Ordered</h2></div>
<div><h3>Simple</h3></div>
<ol class="initial">
  <li>one</li>
  <li>two</li>
  <li>three</li>
  <li>four</li>
</ol>
<div><h3>Nested</h3></div>
<ol class="initial">
  <li>one</li>
  <li>
    two
    <ol>
      <li>nested one</li>
      <li>nested two</li>
      <li>
        nested three
        <ol>
          <li>sub sub</li>
          <li>
            sub sub
            <ol class="initial">
              <li>
                sub s4
                <ol>
                  <li>
                    sub s5
                    <ol>
                      <li>
                        sub s6
                        <ol class="initial">
                          <li>sub s7</li>
                        </ol>
                      </li>
                    </ol>
                  </li>
                </ol>
              </li>
            </ol>
          </li>
        </ol>
      </li>
    </ol>
  </li>
  <li>three</li>
</ol>
<div><h2>Unordered</h2></div>
<div><h3>Simple</h3></div>
<div><h4>"squared"</h4></div>
<ul class="alternate">
  <li>one</li>
  <li>two</li>
  <li>three</li>
  <li>four</li>
</ul>
<div><h4>"dotted"</h4></div>
<ul>
  <li>one</li>
  <li>two</li>
  <li>three</li>
  <li>four</li>
</ul>
<div><h3>Nested</h3></div>
<div><h4>"squared"</h4></div>
<ul class="alternate">
  <li>one</li>
  <li>
    two
    <ul class="alternate">
      <li>nested one</li>
      <li>nested two</li>
      <li>
        nested three
        <ul class="alternate">
          <li>sub sub</li>
          <li>
            sub sub
            <ul class="alternate">
              <li>
                sub s4
                <ul class="alternate">
                  <li>
                    sub s5
                    <ul class="alternate">
                      <li>
                        sub s6
                        <ul class="alternate">
                          <li>sub s7</li>
                        </ul>
                      </li>
                    </ul>
                  </li>
                </ul>
              </li>
            </ul>
          </li>
        </ul>
      </li>
    </ul>
  </li>
  <li>three</li>
</ul>
<div><h4>"dotted"</h4></div>
<ul>
  <li>one</li>
  <li>
    two
    <ul>
      <li>nested one</li>
      <li>nested two</li>
      <li>
        nested three
        <ul>
          <li>sub sub</li>
          <li>
            sub sub
            <ul>
              <li>
                sub s4
                <ul>
                  <li>
                    sub s5
                    <ul>
                      <li>
                        sub s6
                        <ul>
                          <li>sub s7</li>
                        </ul>
                      </li>
                    </ul>
                  </li>
                </ul>
              </li>
            </ul>
          </li>
        </ul>
      </li>
    </ul>
  </li>
  <li>three</li>
</ul>
<div><h2>Mixed</h2></div>
<div><h3>Nested</h3></div>
<ol class="initial">
  <li>one</li>
  <li>
    two
    <ul class="alternate">
      <li>nested one</li>
      <li>nested two</li>
      <li>
        nested three
        <ol class="initial">
          <li>sub sub</li>
          <li>
            sub sub
            <ul class="alternate">
              <li>
                sub s4
                <ol>
                  <li>sub s5.1</li>
                  <li>
                    sub s5.2
                    <ul class="alternate">
                      <li>
                        sub s6
                        <ol>
                          <li>sub s7.1</li>
                          <li>sub s7.2</li>
                        </ol>
                      </li>
                    </ul>
                  </li>
                </ol>
              </li>
            </ul>
          </li>
        </ol>
      </li>
    </ul>
  </li>
  <li>three</li>
</ol>
