<div><h1>Tables</h1></div>
<div><h2>Column heading</h2></div>
<table>
  <tbody>
    <tr>
      <th>header c1</th>
      <th>header c2</th>
    </tr>
    <tr>
      <td>data 1.1</td>
      <td>data 1.2</td>
    </tr>
    <tr>
      <td>data 2.1</td>
      <td>data 2.2</td>
    </tr>
  </tbody>
</table>
<div><h2>Row heading</h2></div>
<table>
  <tbody>
    <tr>
      <th>header r1</th>
      <td>data 1.1</td>
      <td>data 1.2</td>
    </tr>
    <tr>
      <th>header r2</th>
      <td>data 2.1</td>
      <td>data 2.2</td>
    </tr>
    <tr>
      <th>header r3</th>
      <td>data 3.1</td>
      <td>data 3.2</td>
    </tr>
  </tbody>
</table>
<div><h2>Column and row heading</h2></div>
<table>
  <tbody>
    <tr>
      <th></th>
      <th>header c1</th>
      <th>header c2</th>
    </tr>
    <tr>
      <th>header r1</th>
      <td>data 1.1</td>
      <td>data 1.2</td>
    </tr>
    <tr>
      <th>header r2</th>
      <td>data 2.1</td>
      <td>data 2.2</td>
    </tr>
  </tbody>
</table>
<div><h2>Without heading</h2></div>
<table>
  <tbody>
    <tr>
      <td>data 1.1</td>
      <td>data 1.2</td>
    </tr>
    <tr>
      <td>data 2.1</td>
      <td>data 2.2</td>
    </tr>
  </tbody>
</table>
<div><h2>Table with nested macros (not supported yet)</h2></div>
<table>
  <tbody>
    <tr>
      <th>Heading 1</th>
      <th>Heading 2</th>
    </tr>
    <tr>
      <td>
        <strong> Item 1<br /></strong> Item 2<br />* Item 3
      </td>
      <td># Item 1 <br /># Item 2<br /># Item 3</td>
    </tr>
  </tbody>
</table>
