<p>
<h1>Issue <a href='https://github.com/denco/vscode-confluence-markup/issues/41'>#41</a> - macros: info,tip,note and warning</h1>
</p>
<p>
<h2>macro-info</h2>
</p>
<p>
<div class="info info-title">This is info title</div>
<div class="info info-body">
	</p>
	<p>This is Info information.</p>
	<p>
</div>
</p>
<p>
<div class="info info-title"></div>
<div class="info info-body">
	</p>
	<p>This is info without title information.</p>
	<p>
</div>
</p>
<p>
<div class="info info-title-iconless">Info with title w/o icon</div>
<div class="info info-body">
	</p>
	<p>This is Info information.</p>
	<p>
</div>
</p>
<p>
<div class="info info-title-iconless"></div>
<div class="info info-body">
	</p>
	<p>INFO: titleless and iconless</p>
	<p>
</div>
</p>
<p>
<div class="info info-title-iconless">This is my title</div>
<div class="info info-body">
	</p>
	<p>This is <i>important</i> information.</p>
	<p>
</div>
</p>
<p>
<h2>macro-tip</h2>
</p>
<p>
<div class="tip tip-title">This is tip title</div>
<div class="tip tip-body">
	</p>
	<p>This is Tip information.</p>
	<p>
</div>
</p>
<p>
<div class="tip tip-title"></div>
<div class="tip tip-body">
	</p>
	<p>This is tip without title information.</p>
	<p>
</div>
</p>
<p>
<div class="tip tip-title-iconless">Tip with title w/o icon</div>
<div class="tip tip-body">
	</p>
	<p>This is Tip information.</p>
	<p>
</div>
</p>
<p>
<div class="tip tip-title-iconless"></div>
<div class="tip tip-body">
	</p>
	<p>TIP: titleless and iconless</p>
	<p>
</div>
</p>
<p>
<h2>macro-note</h2>
</p>
<p>
<div class="note note-title">This is note title</div>
<div class="note note-body">
	</p>
	<p>This is note information.</p>
	<p>
</div>
</p>
<p>
<div class="note note-title"></div>
<div class="note note-body">
	</p>
	<p>This is note without title information.</p>
	<p>
</div>
</p>
<p>
<div class="note note-title-iconless">Note with title w/o icon</div>
<div class="note note-body">
	</p>
	<p>This is note information.</p>
	<p>
</div>
</p>
<p>
<div class="note note-title-iconless"></div>
<div class="note note-body">
	</p>
	<p>NOTE: titleless and iconless</p>
	<p>
</div>
</p>
<p>
<h2>macro-warning</h2>
</p>
<p>
<div class="warning warning-title">This is warning title</div>
<div class="warning warning-body">
	</p>
	<p>This is warning information.</p>
	<p>
</div>
</p>
<p>
<div class="warning warning-title"></div>
<div class="warning warning-body">
	</p>
	<p>This is warning without title information.</p>
	<p>
</div>
</p>
<p>
<div class="warning warning-title-iconless">This is warning title without icon</div>
<div class="warning warning-body">
	</p>
	<p>This is warning information.</p>
	<p>
</div>
</p>
<p>
<div class="warning warning-title-iconless"></div>
<div class="warning warning-body">
	</p>
	<p>WARNING: titleless and iconless</p>
	<p>
</div>
</p>
<p>
<h2>formatted panel</h2>
</p>
<p>
<div class="panel panel-title" style='border-style: dashed; border-bottom:none;  border-color: YellowGreen;  background-color: #00a400;'>My title
</div>
<div class="panel panel-body" style='border-style: dashed;  border-color: YellowGreen;  background-color: #72bc72;'>
	</p>
	<p>A formatted panel</p>
	<p>
</div>
</p>
<p>
<div class="panel panel-title" style='border-style: solid; border-bottom:none;  border-color: Violet;  background-color: #00a400;'>My title</div>
<div class="panel panel-body" style='border-style: solid;  border-color: Violet;  background-color: #72bc72;'>
	</p>
	<p>A formatted panel</p>
	<p>
</div>
</p>
<p>
<div class="panel panel-title" style='border-style: dotted; border-bottom:none;  border-color: red; '>My title</div>
<div class="panel panel-body" style='border-style: dotted;  border-color: red; '>
	</p>
	<p>A formatted panel</p>
	<p>
</div>
</p>
