<div>
  <h1>
    Issue
    <a href="https://github.com/denco/vscode-confluence-markup/issues/44"
      >#44</a
    >
    - lists with leading spaces
  </h1>
</div>
<div><h2>Case 1</h2></div>
<ul class="alternate">
  <li>
    abc
    <ul class="alternate">
      <li>abcdef</li>
    </ul>
  </li>
</ul>
<div><h2>Case 2</h2></div>
<ul class="alternate">
  <li>
    abc
    <ul class="alternate">
      <li>abcdef</li>
    </ul>
  </li>
</ul>
<div><h2>Case 3</h2></div>
<ol class="initial">
  <li>abc</li>
  <li>
    def
    <ul>
      <li>
        foo
        <ul>
          <li>bar</li>
        </ul>
      </li>
    </ul>
  </li>
</ol>
<div><h2>Case 4</h2></div>
<ol class="initial">
  <li>abcv</li>
  <li>
    def
    <ul>
      <li>
        foo
        <ul>
          <li>bar</li>
        </ul>
      </li>
    </ul>
  </li>
</ol>
<div><h2>Case 5</h2></div>
<ol class="initial">
  <li>abc</li>
  <li>
    def
    <ol>
      <li>
        foo
        <ol>
          <li>bar</li>
        </ol>
      </li>
    </ol>
  </li>
</ol>
