<div><h1>TITLE</h1></div>
<div><h2>Section One</h2></div>
<div>Section one.</div>
<div><h2>Section Two</h2></div>
<div>Section two.</div>
<ol class="initial">
  <li>Numbered List 1</li>
  <li>Numbered List 2</li>
</ol>
<div><h2>Section Three</h2></div>
<div>Section three.</div>
<div><h2>Section Four</h2></div>
<div>Section four.</div>
