<div>
  <h1><strong>Examples</strong></h1>
</div>
<div><hr /></div>
<div>
  <h2><strong>headers:</strong></h2>
</div>
<div><h1>Header 1</h1></div>
<div><h2>Header 2</h2></div>
<div><h3>Header 3</h3></div>
<div><h4>Header 4</h4></div>
<div><h5>Header 5</h5></div>
<div><h6>Header 6</h6></div>
<div><hr /></div>
<div>
  <h2><strong>emoticons:</strong></h2>
</div>
<ul>
  <li>
    <img
      alt="(smile)"
      src="_TEST_EXTENSION_PATH_PLACEHOLDER_/media/emoticons/smile.png"
    />
    smile
  </li>
  <li>
    <img
      alt="(sad)"
      src="_TEST_EXTENSION_PATH_PLACEHOLDER_/media/emoticons/sad.png"
    />
    sad
  </li>
  <li>
    <img
      alt="(cheeky)"
      src="_TEST_EXTENSION_PATH_PLACEHOLDER_/media/emoticons/cheeky.png"
    />
    cheeky
  </li>
  <li>
    <img
      alt="(laugh)"
      src="_TEST_EXTENSION_PATH_PLACEHOLDER_/media/emoticons/biggrin.png"
    />
    laugh
  </li>
  <li>
    <img
      alt="(wink)"
      src="_TEST_EXTENSION_PATH_PLACEHOLDER_/media/emoticons/wink.png"
    />
    wink
  </li>
  <li>
    <img
      alt="(thumbs-up)"
      src="_TEST_EXTENSION_PATH_PLACEHOLDER_/media/emoticons/thumbs-up.png"
    />
    thumbs-up
  </li>
  <li>
    <img
      alt="(thumbs-down)"
      src="_TEST_EXTENSION_PATH_PLACEHOLDER_/media/emoticons/thumbs-down.png"
    />
    thumbs-down
  </li>
  <li>
    <img
      alt="(information)"
      src="_TEST_EXTENSION_PATH_PLACEHOLDER_/media/emoticons/information.png"
    />
    information
  </li>
  <li>
    <img
      alt="(tick)"
      src="_TEST_EXTENSION_PATH_PLACEHOLDER_/media/emoticons/tick.png"
    />
    tick
  </li>
  <li>
    <img
      alt="(cross)"
      src="_TEST_EXTENSION_PATH_PLACEHOLDER_/media/emoticons/cross.png"
    />
    cross
  </li>
  <li>
    <img
      alt="(warning)"
      src="_TEST_EXTENSION_PATH_PLACEHOLDER_/media/emoticons/warning.png"
    />
    warning
  </li>
</ul>
<div><hr /></div>
<div>
  <h2><strong>Links:</strong></h2>
</div>
<ul>
  <li>
    <a
      href="https://confluence.atlassian.com/doc/confluence-wiki-markup-251003035.html#ConfluenceWikiMarkup-Headings"
      >Mark Up</a
    >
  </li>
  <li>
    <a
      href="https://confluence.atlassian.com/doc/confluence-storage-format-790796544.html"
      >Storage Format</a
    >
  </li>
  <li>
    <a href="https://www.w3schools.com/html/html_formatting.asp">html format</a>
  </li>
  <li>
    <a href="https://ifl2014.github.io/submissions/ifl2014_submission_18.pdf"
      >test</a
    >
  </li>
</ul>
<div><hr /></div>
<div>
  <h2><strong>text effects:</strong></h2>
</div>
<div><strong>strong</strong></div>
<div><strong>bold text</strong></div>
<div><i>emphasis</i></div>
<div><i>italics</i> : Thing_x_</div>
<div><i>italics with spaces</i></div>
<div><cite>citation</cite> <br /></div>
<div><span style="text-decoration: line-through">deleted</span> <br /></div>
<div>
  <span style="text-decoration: line-through">deleted with spaces</span> <br />
</div>
<div><u>inserted</u> <br /></div>
<div>Text with <sup>superscript</sup> : kg/m<sup>3</sup></div>
<div>Text with <sub>subscript</sub></div>
<code style="font-family: Menlo, Monaco, Consolas, monospace">monospaced</code>
<div>
  <blockquote>
    <p>Here's how you make a paragraph appear as a block quotation.</p>
  </blockquote>
</div>
<div><span style="color: red">look ma, red text!</span></div>
<div><hr /></div>
<div>
  <h2><strong>lists:</strong></h2>
</div>
<div>Squared list</div>
<ul class="alternate">
  <li>one</li>
  <li>two</li>
</ul>
<div>Dotted list</div>
<ul>
  <li>one</li>
  <li>tree</li>
  <li>third</li>
</ul>
<div>Numbered list</div>
<ol class="initial">
  <li>
    one
    <ul>
      <li>borderStyle</li>
      <li>dasddasd</li>
    </ul>
  </li>
  <li>two</li>
  <li>
    <img
      alt="(smile)"
      src="_TEST_EXTENSION_PATH_PLACEHOLDER_/media/emoticons/smile.png"
    />
  </li>
</ol>
<div><hr /></div>
<div>
  <h2><strong>table:</strong></h2>
</div>
<div>
  <table>
    <tbody>
      <tr>
        <th>heading 1</th>
        <th>heading 2</th>
        <th>heading 3</th>
      </tr>
      <tr>
        <td>cell A1</td>
        <td>cell A2</td>
        <td>cell A3</td>
      </tr>
      <tr>
        <td>cell B1</td>
        <td>cell B2</td>
        <td>cell B3</td>
      </tr>
    </tbody>
  </table>
</div>
<div><hr /></div>
<div>
  <h2><strong>code:</strong></h2>
</div>
<div class="code-block">
  <span class="code-title">test</span>
  <pre><code style='font-family: Menlo, Monaco, Consolas, monospace'>&lt;test>
    &lt;test1 />
&lt;/test>
</code></pre>
</div>
<div class="code-block">
  <span class="code-title">title</span>
  <pre><code style='font-family: Menlo, Monaco, Consolas, monospace'>bash
echo very long command line with a lot of sings to check word wrap and how it looks like && echo much more elements to print
</code></pre>
</div>
<div class="code-block">
  <pre><code style='font-family: Menlo, Monaco, Consolas, monospace'>code oneline</code></pre>
</div>
<div><hr /></div>
<div>
  <h2><strong>noformat:</strong></h2>
</div>
<div class="code-block">
  <pre><code style='font-family: Menlo, Monaco, Consolas, monospace'>&lt;xml>
&lt;/xml>
</code></pre>
</div>
<div class="code-block">
  <pre><code style='font-family: Menlo, Monaco, Consolas, monospace'>noformat &lt;tag>&lt;/tag> oneline</code></pre>
</div>
